---
This is the program:
  bin/bash-getopt-demo
invoked with the following arguments:
  $'\034' Â¡ â€” ðŸ’©
verbosity level is 0
one=
two=
three=
no option arguments
4 remaining positional arguments:
   1. $'\034'
   2. Â¡
   3. â€”
   4. ðŸ’©
